Initializing Keycloak...
index-T5D-Tqux.js:2 Keycloak initialized, authenticated: false
index-T5D-Tqux.js:2 Dev login activated
vendor-http-B9ygI19o.js:3  GET http://35.226.135.159:3000/api/bcdr/dashboard/metrics 500 (Internal Server Error)
(anonymous) @ vendor-http-B9ygI19o.js:3
xhr @ vendor-http-B9ygI19o.js:3
Me @ vendor-http-B9ygI19o.js:5
Promise.then
_request @ vendor-http-B9ygI19o.js:6
request @ vendor-http-B9ygI19o.js:5
j.<computed> @ vendor-http-B9ygI19o.js:6
(anonymous) @ vendor-http-B9ygI19o.js:1
queryFn @ BCDRDashboard-4joQF9vG.js:1
i @ vendor-BEl8sojK.js:8
v @ vendor-BEl8sojK.js:8
start @ vendor-BEl8sojK.js:8
fetch @ vendor-BEl8sojK.js:8
z0 @ vendor-BEl8sojK.js:8
onSubscribe @ vendor-BEl8sojK.js:8
subscribe @ vendor-BEl8sojK.js:8
(anonymous) @ vendor-BEl8sojK.js:8
Rm @ vendor-BEl8sojK.js:6
Qm @ vendor-BEl8sojK.js:8
mA @ vendor-BEl8sojK.js:8
cT @ vendor-BEl8sojK.js:8
me @ vendor-BEl8sojK.js:6
VJ @ vendor-BEl8sojK.js:8
Hd @ vendor-BEl8sojK.js:8
lT @ vendor-BEl8sojK.js:8
B @ vendor-BEl8sojK.js:1
N @ vendor-BEl8sojK.js:1
index-T5D-Tqux.js:2 API request failed, retrying in 2072ms (attempt 1/3): GET /api/bcdr/dashboard/metrics
vendor-http-B9ygI19o.js:3  GET http://35.226.135.159:3000/api/bcdr/dashboard 500 (Internal Server Error)
(anonymous) @ vendor-http-B9ygI19o.js:3
xhr @ vendor-http-B9ygI19o.js:3
Me @ vendor-http-B9ygI19o.js:5
Promise.then
_request @ vendor-http-B9ygI19o.js:6
request @ vendor-http-B9ygI19o.js:5
j.<computed> @ vendor-http-B9ygI19o.js:6
(anonymous) @ vendor-http-B9ygI19o.js:1
queryFn @ BCDRDashboard-4joQF9vG.js:1
i @ vendor-BEl8sojK.js:8
v @ vendor-BEl8sojK.js:8
start @ vendor-BEl8sojK.js:8
fetch @ vendor-BEl8sojK.js:8
z0 @ vendor-BEl8sojK.js:8
onSubscribe @ vendor-BEl8sojK.js:8
subscribe @ vendor-BEl8sojK.js:8
(anonymous) @ vendor-BEl8sojK.js:8
Rm @ vendor-BEl8sojK.js:6
Qm @ vendor-BEl8sojK.js:8
mA @ vendor-BEl8sojK.js:8
cT @ vendor-BEl8sojK.js:8
me @ vendor-BEl8sojK.js:6
VJ @ vendor-BEl8sojK.js:8
Hd @ vendor-BEl8sojK.js:8
lT @ vendor-BEl8sojK.js:8
B @ vendor-BEl8sojK.js:1
N @ vendor-BEl8sojK.js:1
index-T5D-Tqux.js:2 API request failed, retrying in 2058ms (attempt 1/3): GET /api/bcdr/dashboard
vendor-http-B9ygI19o.js:3  GET http://35.226.135.159:3000/api/bcdr/dashboard 500 (Internal Server Error)
(anonymous) @ vendor-http-B9ygI19o.js:3
xhr @ vendor-http-B9ygI19o.js:3
Me @ vendor-http-B9ygI19o.js:5
Promise.then
_request @ vendor-http-B9ygI19o.js:6
request @ vendor-http-B9ygI19o.js:5
(anonymous) @ vendor-http-B9ygI19o.js:1
(anonymous) @ index-T5D-Tqux.js:2
Promise.then
_request @ vendor-http-B9ygI19o.js:6
request @ vendor-http-B9ygI19o.js:5
j.<computed> @ vendor-http-B9ygI19o.js:6
(anonymous) @ vendor-http-B9ygI19o.js:1
queryFn @ BCDRDashboard-4joQF9vG.js:1
i @ vendor-BEl8sojK.js:8
v @ vendor-BEl8sojK.js:8
start @ vendor-BEl8sojK.js:8
fetch @ vendor-BEl8sojK.js:8
z0 @ vendor-BEl8sojK.js:8
onSubscribe @ vendor-BEl8sojK.js:8
subscribe @ vendor-BEl8sojK.js:8
(anonymous) @ vendor-BEl8sojK.js:8
Rm @ vendor-BEl8sojK.js:6
Qm @ vendor-BEl8sojK.js:8
mA @ vendor-BEl8sojK.js:8
cT @ vendor-BEl8sojK.js:8
me @ vendor-BEl8sojK.js:6
VJ @ vendor-BEl8sojK.js:8
Hd @ vendor-BEl8sojK.js:8
lT @ vendor-BEl8sojK.js:8
B @ vendor-BEl8sojK.js:1
N @ vendor-BEl8sojK.js:1
index-T5D-Tqux.js:2 API request failed, retrying in 4234ms (attempt 2/3): GET /api/bcdr/dashboard
vendor-http-B9ygI19o.js:3  GET http://35.226.135.159:3000/api/bcdr/dashboard/metrics 500 (Internal Server Error)
(anonymous) @ vendor-http-B9ygI19o.js:3
xhr @ vendor-http-B9ygI19o.js:3
Me @ vendor-http-B9ygI19o.js:5
Promise.then
_request @ vendor-http-B9ygI19o.js:6
request @ vendor-http-B9ygI19o.js:5
(anonymous) @ vendor-http-B9ygI19o.js:1
(anonymous) @ index-T5D-Tqux.js:2
Promise.then
_request @ vendor-http-B9ygI19o.js:6
request @ vendor-http-B9ygI19o.js:5
j.<computed> @ vendor-http-B9ygI19o.js:6
(anonymous) @ vendor-http-B9ygI19o.js:1
queryFn @ BCDRDashboard-4joQF9vG.js:1
i @ vendor-BEl8sojK.js:8
v @ vendor-BEl8sojK.js:8
start @ vendor-BEl8sojK.js:8
fetch @ vendor-BEl8sojK.js:8
z0 @ vendor-BEl8sojK.js:8
onSubscribe @ vendor-BEl8sojK.js:8
subscribe @ vendor-BEl8sojK.js:8
(anonymous) @ vendor-BEl8sojK.js:8
Rm @ vendor-BEl8sojK.js:6
Qm @ vendor-BEl8sojK.js:8
mA @ vendor-BEl8sojK.js:8
cT @ vendor-BEl8sojK.js:8
me @ vendor-BEl8sojK.js:6
VJ @ vendor-BEl8sojK.js:8
Hd @ vendor-BEl8sojK.js:8
lT @ vendor-BEl8sojK.js:8
B @ vendor-BEl8sojK.js:1
N @ vendor-BEl8sojK.js:1
index-T5D-Tqux.js:2 API request failed, retrying in 4196ms (attempt 2/3): GET /api/bcdr/dashboard/metrics
vendor-http-B9ygI19o.js:3  GET http://35.226.135.159:3000/api/bcdr/processes?page=1&limit=25 500 (Internal Server Error)
(anonymous) @ vendor-http-B9ygI19o.js:3
xhr @ vendor-http-B9ygI19o.js:3
Me @ vendor-http-B9ygI19o.js:5
Promise.then
_request @ vendor-http-B9ygI19o.js:6
request @ vendor-http-B9ygI19o.js:5
j.<computed> @ vendor-http-B9ygI19o.js:6
(anonymous) @ vendor-http-B9ygI19o.js:1
queryFn @ BusinessProcesses-CSeJTtLu.js:1
i @ vendor-BEl8sojK.js:8
v @ vendor-BEl8sojK.js:8
start @ vendor-BEl8sojK.js:8
fetch @ vendor-BEl8sojK.js:8
z0 @ vendor-BEl8sojK.js:8
onSubscribe @ vendor-BEl8sojK.js:8
subscribe @ vendor-BEl8sojK.js:8
(anonymous) @ vendor-BEl8sojK.js:8
Rm @ vendor-BEl8sojK.js:6
Qm @ vendor-BEl8sojK.js:8
mA @ vendor-BEl8sojK.js:8
cT @ vendor-BEl8sojK.js:8
me @ vendor-BEl8sojK.js:6
VJ @ vendor-BEl8sojK.js:8
Hd @ vendor-BEl8sojK.js:8
lT @ vendor-BEl8sojK.js:8
B @ vendor-BEl8sojK.js:1
N @ vendor-BEl8sojK.js:1
index-T5D-Tqux.js:2 API request failed, retrying in 2077ms (attempt 1/3): GET /api/bcdr/processes?page=1&limit=25
vendor-http-B9ygI19o.js:3  GET http://35.226.135.159:3000/api/bcdr/plans?page=1&limit=25 500 (Internal Server Error)
(anonymous) @ vendor-http-B9ygI19o.js:3
xhr @ vendor-http-B9ygI19o.js:3
Me @ vendor-http-B9ygI19o.js:5
Promise.then
_request @ vendor-http-B9ygI19o.js:6
request @ vendor-http-B9ygI19o.js:5
j.<computed> @ vendor-http-B9ygI19o.js:6
(anonymous) @ vendor-http-B9ygI19o.js:1
queryFn @ BCDRPlans-DMZhIysh.js:1
i @ vendor-BEl8sojK.js:8
v @ vendor-BEl8sojK.js:8
start @ vendor-BEl8sojK.js:8
fetch @ vendor-BEl8sojK.js:8
z0 @ vendor-BEl8sojK.js:8
onSubscribe @ vendor-BEl8sojK.js:8
subscribe @ vendor-BEl8sojK.js:8
(anonymous) @ vendor-BEl8sojK.js:8
Rm @ vendor-BEl8sojK.js:6
Qm @ vendor-BEl8sojK.js:8
mA @ vendor-BEl8sojK.js:8
cT @ vendor-BEl8sojK.js:8
me @ vendor-BEl8sojK.js:6
VJ @ vendor-BEl8sojK.js:8
Hd @ vendor-BEl8sojK.js:8
lT @ vendor-BEl8sojK.js:8
B @ vendor-BEl8sojK.js:1
N @ vendor-BEl8sojK.js:1
index-T5D-Tqux.js:2 API request failed, retrying in 2130ms (attempt 1/3): GET /api/bcdr/plans?page=1&limit=25
vendor-http-B9ygI19o.js:3  GET http://35.226.135.159:3000/api/bcdr/tests?page=1&limit=25 500 (Internal Server Error)
(anonymous) @ vendor-http-B9ygI19o.js:3
xhr @ vendor-http-B9ygI19o.js:3
Me @ vendor-http-B9ygI19o.js:5
Promise.then
_request @ vendor-http-B9ygI19o.js:6
request @ vendor-http-B9ygI19o.js:5
j.<computed> @ vendor-http-B9ygI19o.js:6
(anonymous) @ vendor-http-B9ygI19o.js:1
queryFn @ DRTests-BqJnOIUm.js:1
i @ vendor-BEl8sojK.js:8
v @ vendor-BEl8sojK.js:8
start @ vendor-BEl8sojK.js:8
fetch @ vendor-BEl8sojK.js:8
z0 @ vendor-BEl8sojK.js:8
onSubscribe @ vendor-BEl8sojK.js:8
subscribe @ vendor-BEl8sojK.js:8
(anonymous) @ vendor-BEl8sojK.js:8
Rm @ vendor-BEl8sojK.js:6
Qm @ vendor-BEl8sojK.js:8
mA @ vendor-BEl8sojK.js:8
cT @ vendor-BEl8sojK.js:8
me @ vendor-BEl8sojK.js:6
VJ @ vendor-BEl8sojK.js:8
Hd @ vendor-BEl8sojK.js:8
lT @ vendor-BEl8sojK.js:8
B @ vendor-BEl8sojK.js:1
N @ vendor-BEl8sojK.js:1
index-T5D-Tqux.js:2 API request failed, retrying in 2088ms (attempt 1/3): GET /api/bcdr/tests?page=1&limit=25
vendor-http-B9ygI19o.js:3  GET http://35.226.135.159:3000/api/bcdr/tests/stats 500 (Internal Server Error)
(anonymous) @ vendor-http-B9ygI19o.js:3
xhr @ vendor-http-B9ygI19o.js:3
Me @ vendor-http-B9ygI19o.js:5
Promise.then
_request @ vendor-http-B9ygI19o.js:6
request @ vendor-http-B9ygI19o.js:5
j.<computed> @ vendor-http-B9ygI19o.js:6
(anonymous) @ vendor-http-B9ygI19o.js:1
queryFn @ DRTests-BqJnOIUm.js:1
i @ vendor-BEl8sojK.js:8
v @ vendor-BEl8sojK.js:8
start @ vendor-BEl8sojK.js:8
fetch @ vendor-BEl8sojK.js:8
z0 @ vendor-BEl8sojK.js:8
onSubscribe @ vendor-BEl8sojK.js:8
subscribe @ vendor-BEl8sojK.js:8
(anonymous) @ vendor-BEl8sojK.js:8
Rm @ vendor-BEl8sojK.js:6
Qm @ vendor-BEl8sojK.js:8
mA @ vendor-BEl8sojK.js:8
cT @ vendor-BEl8sojK.js:8
me @ vendor-BEl8sojK.js:6
VJ @ vendor-BEl8sojK.js:8
Hd @ vendor-BEl8sojK.js:8
lT @ vendor-BEl8sojK.js:8
B @ vendor-BEl8sojK.js:1
N @ vendor-BEl8sojK.js:1
index-T5D-Tqux.js:2 API request failed, retrying in 2099ms (attempt 1/3): GET /api/bcdr/tests/stats
vendor-http-B9ygI19o.js:3  GET http://35.226.135.159:3000/api/bcdr/runbooks/stats 500 (Internal Server Error)
(anonymous) @ vendor-http-B9ygI19o.js:3
xhr @ vendor-http-B9ygI19o.js:3
Me @ vendor-http-B9ygI19o.js:5
Promise.then
_request @ vendor-http-B9ygI19o.js:6
request @ vendor-http-B9ygI19o.js:5
j.<computed> @ vendor-http-B9ygI19o.js:6
(anonymous) @ vendor-http-B9ygI19o.js:1
queryFn @ Runbooks-D8BMugG3.js:1
i @ vendor-BEl8sojK.js:8
v @ vendor-BEl8sojK.js:8
start @ vendor-BEl8sojK.js:8
fetch @ vendor-BEl8sojK.js:8
z0 @ vendor-BEl8sojK.js:8
onSubscribe @ vendor-BEl8sojK.js:8
subscribe @ vendor-BEl8sojK.js:8
(anonymous) @ vendor-BEl8sojK.js:8
Rm @ vendor-BEl8sojK.js:6
Qm @ vendor-BEl8sojK.js:8
mA @ vendor-BEl8sojK.js:8
cT @ vendor-BEl8sojK.js:8
me @ vendor-BEl8sojK.js:6
VJ @ vendor-BEl8sojK.js:8
Hd @ vendor-BEl8sojK.js:8
lT @ vendor-BEl8sojK.js:8
B @ vendor-BEl8sojK.js:1
N @ vendor-BEl8sojK.js:1
vendor-http-B9ygI19o.js:3  GET http://35.226.135.159:3000/api/bcdr/runbooks?page=1&limit=24 500 (Internal Server Error)
(anonymous) @ vendor-http-B9ygI19o.js:3
xhr @ vendor-http-B9ygI19o.js:3
Me @ vendor-http-B9ygI19o.js:5
Promise.then
_request @ vendor-http-B9ygI19o.js:6
request @ vendor-http-B9ygI19o.js:5
j.<computed> @ vendor-http-B9ygI19o.js:6
(anonymous) @ vendor-http-B9ygI19o.js:1
queryFn @ Runbooks-D8BMugG3.js:1
i @ vendor-BEl8sojK.js:8
v @ vendor-BEl8sojK.js:8
start @ vendor-BEl8sojK.js:8
fetch @ vendor-BEl8sojK.js:8
z0 @ vendor-BEl8sojK.js:8
onSubscribe @ vendor-BEl8sojK.js:8
subscribe @ vendor-BEl8sojK.js:8
(anonymous) @ vendor-BEl8sojK.js:8
Rm @ vendor-BEl8sojK.js:6
Qm @ vendor-BEl8sojK.js:8
mA @ vendor-BEl8sojK.js:8
cT @ vendor-BEl8sojK.js:8
me @ vendor-BEl8sojK.js:6
VJ @ vendor-BEl8sojK.js:8
Hd @ vendor-BEl8sojK.js:8
lT @ vendor-BEl8sojK.js:8
B @ vendor-BEl8sojK.js:1
N @ vendor-BEl8sojK.js:1
index-T5D-Tqux.js:2 API request failed, retrying in 2189ms (attempt 1/3): GET /api/bcdr/runbooks/stats
index-T5D-Tqux.js:2 API request failed, retrying in 2134ms (attempt 1/3): GET /api/bcdr/runbooks?page=1&limit=24
vendor-http-B9ygI19o.js:3  GET http://35.226.135.159:3000/api/bcdr/dashboard/metrics 500 (Internal Server Error)
(anonymous) @ vendor-http-B9ygI19o.js:3
xhr @ vendor-http-B9ygI19o.js:3
Me @ vendor-http-B9ygI19o.js:5
Promise.then
_request @ vendor-http-B9ygI19o.js:6
request @ vendor-http-B9ygI19o.js:5
(anonymous) @ vendor-http-B9ygI19o.js:1
(anonymous) @ index-T5D-Tqux.js:2
Promise.then
_request @ vendor-http-B9ygI19o.js:6
request @ vendor-http-B9ygI19o.js:5
(anonymous) @ vendor-http-B9ygI19o.js:1
(anonymous) @ index-T5D-Tqux.js:2
Promise.then
_request @ vendor-http-B9ygI19o.js:6
request @ vendor-http-B9ygI19o.js:5
j.<computed> @ vendor-http-B9ygI19o.js:6
(anonymous) @ vendor-http-B9ygI19o.js:1
queryFn @ BCDRDashboard-4joQF9vG.js:1
i @ vendor-BEl8sojK.js:8
v @ vendor-BEl8sojK.js:8
start @ vendor-BEl8sojK.js:8
fetch @ vendor-BEl8sojK.js:8
z0 @ vendor-BEl8sojK.js:8
onSubscribe @ vendor-BEl8sojK.js:8
subscribe @ vendor-BEl8sojK.js:8
(anonymous) @ vendor-BEl8sojK.js:8
Rm @ vendor-BEl8sojK.js:6
Qm @ vendor-BEl8sojK.js:8
mA @ vendor-BEl8sojK.js:8
cT @ vendor-BEl8sojK.js:8
me @ vendor-BEl8sojK.js:6
VJ @ vendor-BEl8sojK.js:8
Hd @ vendor-BEl8sojK.js:8
lT @ vendor-BEl8sojK.js:8
B @ vendor-BEl8sojK.js:1
N @ vendor-BEl8sojK.js:1
index-T5D-Tqux.js:2 API request failed, retrying in 8740ms (attempt 3/3): GET /api/bcdr/dashboard/metrics
vendor-http-B9ygI19o.js:3  GET http://35.226.135.159:3000/api/bcdr/dashboard 500 (Internal Server Error)
(anonymous) @ vendor-http-B9ygI19o.js:3
xhr @ vendor-http-B9ygI19o.js:3
Me @ vendor-http-B9ygI19o.js:5
Promise.then
_request @ vendor-http-B9ygI19o.js:6
request @ vendor-http-B9ygI19o.js:5
(anonymous) @ vendor-http-B9ygI19o.js:1
(anonymous) @ index-T5D-Tqux.js:2
Promise.then
_request @ vendor-http-B9ygI19o.js:6
request @ vendor-http-B9ygI19o.js:5
(anonymous) @ vendor-http-B9ygI19o.js:1
(anonymous) @ index-T5D-Tqux.js:2
Promise.then
_request @ vendor-http-B9ygI19o.js:6
request @ vendor-http-B9ygI19o.js:5
j.<computed> @ vendor-http-B9ygI19o.js:6
(anonymous) @ vendor-http-B9ygI19o.js:1
queryFn @ BCDRDashboard-4joQF9vG.js:1
i @ vendor-BEl8sojK.js:8
v @ vendor-BEl8sojK.js:8
start @ vendor-BEl8sojK.js:8
fetch @ vendor-BEl8sojK.js:8
z0 @ vendor-BEl8sojK.js:8
onSubscribe @ vendor-BEl8sojK.js:8
subscribe @ vendor-BEl8sojK.js:8
(anonymous) @ vendor-BEl8sojK.js:8
Rm @ vendor-BEl8sojK.js:6
Qm @ vendor-BEl8sojK.js:8
mA @ vendor-BEl8sojK.js:8
cT @ vendor-BEl8sojK.js:8
me @ vendor-BEl8sojK.js:6
VJ @ vendor-BEl8sojK.js:8
Hd @ vendor-BEl8sojK.js:8
lT @ vendor-BEl8sojK.js:8
B @ vendor-BEl8sojK.js:1
N @ vendor-BEl8sojK.js:1
index-T5D-Tqux.js:2 API request failed, retrying in 8130ms (attempt 3/3): GET /api/bcdr/dashboard
vendor-http-B9ygI19o.js:3  GET http://35.226.135.159:3000/api/bcdr/processes?page=1&limit=25 500 (Internal Server Error)
(anonymous) @ vendor-http-B9ygI19o.js:3
xhr @ vendor-http-B9ygI19o.js:3
Me @ vendor-http-B9ygI19o.js:5
Promise.then
_request @ vendor-http-B9ygI19o.js:6
request @ vendor-http-B9ygI19o.js:5
(anonymous) @ vendor-http-B9ygI19o.js:1
(anonymous) @ index-T5D-Tqux.js:2
Promise.then
_request @ vendor-http-B9ygI19o.js:6
request @ vendor-http-B9ygI19o.js:5
j.<computed> @ vendor-http-B9ygI19o.js:6
(anonymous) @ vendor-http-B9ygI19o.js:1
queryFn @ BusinessProcesses-CSeJTtLu.js:1
i @ vendor-BEl8sojK.js:8
v @ vendor-BEl8sojK.js:8
start @ vendor-BEl8sojK.js:8
fetch @ vendor-BEl8sojK.js:8
z0 @ vendor-BEl8sojK.js:8
onSubscribe @ vendor-BEl8sojK.js:8
subscribe @ vendor-BEl8sojK.js:8
(anonymous) @ vendor-BEl8sojK.js:8
Rm @ vendor-BEl8sojK.js:6
Qm @ vendor-BEl8sojK.js:8
mA @ vendor-BEl8sojK.js:8
cT @ vendor-BEl8sojK.js:8
me @ vendor-BEl8sojK.js:6
VJ @ vendor-BEl8sojK.js:8
Hd @ vendor-BEl8sojK.js:8
lT @ vendor-BEl8sojK.js:8
B @ vendor-BEl8sojK.js:1
N @ vendor-BEl8sojK.js:1
index-T5D-Tqux.js:2 API request failed, retrying in 4395ms (attempt 2/3): GET /api/bcdr/processes?page=1&limit=25
vendor-http-B9ygI19o.js:3  GET http://35.226.135.159:3000/api/bcdr/communication? 500 (Internal Server Error)
(anonymous) @ vendor-http-B9ygI19o.js:3
xhr @ vendor-http-B9ygI19o.js:3
Me @ vendor-http-B9ygI19o.js:5
Promise.then
_request @ vendor-http-B9ygI19o.js:6
request @ vendor-http-B9ygI19o.js:5
j.<computed> @ vendor-http-B9ygI19o.js:6
(anonymous) @ vendor-http-B9ygI19o.js:1
queryFn @ CommunicationPlans-CVWZBI_B.js:1
i @ vendor-BEl8sojK.js:8
v @ vendor-BEl8sojK.js:8
start @ vendor-BEl8sojK.js:8
fetch @ vendor-BEl8sojK.js:8
z0 @ vendor-BEl8sojK.js:8
onSubscribe @ vendor-BEl8sojK.js:8
subscribe @ vendor-BEl8sojK.js:8
(anonymous) @ vendor-BEl8sojK.js:8
Rm @ vendor-BEl8sojK.js:6
Qm @ vendor-BEl8sojK.js:8
mA @ vendor-BEl8sojK.js:8
cT @ vendor-BEl8sojK.js:8
me @ vendor-BEl8sojK.js:6
VJ @ vendor-BEl8sojK.js:8
Hd @ vendor-BEl8sojK.js:8
lT @ vendor-BEl8sojK.js:8
B @ vendor-BEl8sojK.js:1
N @ vendor-BEl8sojK.js:1
index-T5D-Tqux.js:2 API request failed, retrying in 2190ms (attempt 1/3): GET /api/bcdr/communication?
vendor-http-B9ygI19o.js:3  GET http://35.226.135.159:3000/api/bcdr/plans?page=1&limit=25 500 (Internal Server Error)
(anonymous) @ vendor-http-B9ygI19o.js:3
xhr @ vendor-http-B9ygI19o.js:3
Me @ vendor-http-B9ygI19o.js:5
Promise.then
_request @ vendor-http-B9ygI19o.js:6
request @ vendor-http-B9ygI19o.js:5
(anonymous) @ vendor-http-B9ygI19o.js:1
(anonymous) @ index-T5D-Tqux.js:2
Promise.then
_request @ vendor-http-B9ygI19o.js:6
request @ vendor-http-B9ygI19o.js:5
j.<computed> @ vendor-http-B9ygI19o.js:6
(anonymous) @ vendor-http-B9ygI19o.js:1
queryFn @ BCDRPlans-DMZhIysh.js:1
i @ vendor-BEl8sojK.js:8
v @ vendor-BEl8sojK.js:8
start @ vendor-BEl8sojK.js:8
fetch @ vendor-BEl8sojK.js:8
z0 @ vendor-BEl8sojK.js:8
onSubscribe @ vendor-BEl8sojK.js:8
subscribe @ vendor-BEl8sojK.js:8
(anonymous) @ vendor-BEl8sojK.js:8
Rm @ vendor-BEl8sojK.js:6
Qm @ vendor-BEl8sojK.js:8
mA @ vendor-BEl8sojK.js:8
cT @ vendor-BEl8sojK.js:8
me @ vendor-BEl8sojK.js:6
VJ @ vendor-BEl8sojK.js:8
Hd @ vendor-BEl8sojK.js:8
lT @ vendor-BEl8sojK.js:8
B @ vendor-BEl8sojK.js:1
N @ vendor-BEl8sojK.js:1
index-T5D-Tqux.js:2 API request failed, retrying in 4101ms (attempt 2/3): GET /api/bcdr/plans?page=1&limit=25
vendor-http-B9ygI19o.js:3  GET http://35.226.135.159:3000/api/bcdr/tests?page=1&limit=25 500 (Internal Server Error)
(anonymous) @ vendor-http-B9ygI19o.js:3
xhr @ vendor-http-B9ygI19o.js:3
Me @ vendor-http-B9ygI19o.js:5
Promise.then
_request @ vendor-http-B9ygI19o.js:6
request @ vendor-http-B9ygI19o.js:5
(anonymous) @ vendor-http-B9ygI19o.js:1
(anonymous) @ index-T5D-Tqux.js:2
Promise.then
_request @ vendor-http-B9ygI19o.js:6
request @ vendor-http-B9ygI19o.js:5
j.<computed> @ vendor-http-B9ygI19o.js:6
(anonymous) @ vendor-http-B9ygI19o.js:1
queryFn @ DRTests-BqJnOIUm.js:1
i @ vendor-BEl8sojK.js:8
v @ vendor-BEl8sojK.js:8
start @ vendor-BEl8sojK.js:8
fetch @ vendor-BEl8sojK.js:8
z0 @ vendor-BEl8sojK.js:8
onSubscribe @ vendor-BEl8sojK.js:8
subscribe @ vendor-BEl8sojK.js:8
(anonymous) @ vendor-BEl8sojK.js:8
Rm @ vendor-BEl8sojK.js:6
Qm @ vendor-BEl8sojK.js:8
mA @ vendor-BEl8sojK.js:8
cT @ vendor-BEl8sojK.js:8
me @ vendor-BEl8sojK.js:6
VJ @ vendor-BEl8sojK.js:8
Hd @ vendor-BEl8sojK.js:8
lT @ vendor-BEl8sojK.js:8
B @ vendor-BEl8sojK.js:1
N @ vendor-BEl8sojK.js:1
index-T5D-Tqux.js:2 API request failed, retrying in 4057ms (attempt 2/3): GET /api/bcdr/tests?page=1&limit=25
vendor-http-B9ygI19o.js:3  GET http://35.226.135.159:3000/api/bcdr/tests/stats 500 (Internal Server Error)
(anonymous) @ vendor-http-B9ygI19o.js:3
xhr @ vendor-http-B9ygI19o.js:3
Me @ vendor-http-B9ygI19o.js:5
Promise.then
_request @ vendor-http-B9ygI19o.js:6
request @ vendor-http-B9ygI19o.js:5
(anonymous) @ vendor-http-B9ygI19o.js:1
(anonymous) @ index-T5D-Tqux.js:2
Promise.then
_request @ vendor-http-B9ygI19o.js:6
request @ vendor-http-B9ygI19o.js:5
j.<computed> @ vendor-http-B9ygI19o.js:6
(anonymous) @ vendor-http-B9ygI19o.js:1
queryFn @ DRTests-BqJnOIUm.js:1
i @ vendor-BEl8sojK.js:8
v @ vendor-BEl8sojK.js:8
start @ vendor-BEl8sojK.js:8
fetch @ vendor-BEl8sojK.js:8
z0 @ vendor-BEl8sojK.js:8
onSubscribe @ vendor-BEl8sojK.js:8
subscribe @ vendor-BEl8sojK.js:8
(anonymous) @ vendor-BEl8sojK.js:8
Rm @ vendor-BEl8sojK.js:6
Qm @ vendor-BEl8sojK.js:8
mA @ vendor-BEl8sojK.js:8
cT @ vendor-BEl8sojK.js:8
me @ vendor-BEl8sojK.js:6
VJ @ vendor-BEl8sojK.js:8
Hd @ vendor-BEl8sojK.js:8
lT @ vendor-BEl8sojK.js:8
B @ vendor-BEl8sojK.js:1
N @ vendor-BEl8sojK.js:1
index-T5D-Tqux.js:2 API request failed, retrying in 4392ms (attempt 2/3): GET /api/bcdr/tests/stats
vendor-http-B9ygI19o.js:3  GET http://35.226.135.159:3000/api/bcdr/runbooks?page=1&limit=24 500 (Internal Server Error)
(anonymous) @ vendor-http-B9ygI19o.js:3
xhr @ vendor-http-B9ygI19o.js:3
Me @ vendor-http-B9ygI19o.js:5
Promise.then
_request @ vendor-http-B9ygI19o.js:6
request @ vendor-http-B9ygI19o.js:5
(anonymous) @ vendor-http-B9ygI19o.js:1
(anonymous) @ index-T5D-Tqux.js:2
Promise.then
_request @ vendor-http-B9ygI19o.js:6
request @ vendor-http-B9ygI19o.js:5
j.<computed> @ vendor-http-B9ygI19o.js:6
(anonymous) @ vendor-http-B9ygI19o.js:1
queryFn @ Runbooks-D8BMugG3.js:1
i @ vendor-BEl8sojK.js:8
v @ vendor-BEl8sojK.js:8
start @ vendor-BEl8sojK.js:8
fetch @ vendor-BEl8sojK.js:8
z0 @ vendor-BEl8sojK.js:8
onSubscribe @ vendor-BEl8sojK.js:8
subscribe @ vendor-BEl8sojK.js:8
(anonymous) @ vendor-BEl8sojK.js:8
Rm @ vendor-BEl8sojK.js:6
Qm @ vendor-BEl8sojK.js:8
mA @ vendor-BEl8sojK.js:8
cT @ vendor-BEl8sojK.js:8
me @ vendor-BEl8sojK.js:6
VJ @ vendor-BEl8sojK.js:8
Hd @ vendor-BEl8sojK.js:8
lT @ vendor-BEl8sojK.js:8
B @ vendor-BEl8sojK.js:1
N @ vendor-BEl8sojK.js:1
index-T5D-Tqux.js:2 API request failed, retrying in 4125ms (attempt 2/3): GET /api/bcdr/runbooks?page=1&limit=24
vendor-http-B9ygI19o.js:3  GET http://35.226.135.159:3000/api/bcdr/runbooks/stats 500 (Internal Server Error)
(anonymous) @ vendor-http-B9ygI19o.js:3
xhr @ vendor-http-B9ygI19o.js:3
Me @ vendor-http-B9ygI19o.js:5
Promise.then
_request @ vendor-http-B9ygI19o.js:6
request @ vendor-http-B9ygI19o.js:5
(anonymous) @ vendor-http-B9ygI19o.js:1
(anonymous) @ index-T5D-Tqux.js:2
Promise.then
_request @ vendor-http-B9ygI19o.js:6
request @ vendor-http-B9ygI19o.js:5
j.<computed> @ vendor-http-B9ygI19o.js:6
(anonymous) @ vendor-http-B9ygI19o.js:1
queryFn @ Runbooks-D8BMugG3.js:1
i @ vendor-BEl8sojK.js:8
v @ vendor-BEl8sojK.js:8
start @ vendor-BEl8sojK.js:8
fetch @ vendor-BEl8sojK.js:8
z0 @ vendor-BEl8sojK.js:8
onSubscribe @ vendor-BEl8sojK.js:8
subscribe @ vendor-BEl8sojK.js:8
(anonymous) @ vendor-BEl8sojK.js:8
Rm @ vendor-BEl8sojK.js:6
Qm @ vendor-BEl8sojK.js:8
mA @ vendor-BEl8sojK.js:8
cT @ vendor-BEl8sojK.js:8
me @ vendor-BEl8sojK.js:6
VJ @ vendor-BEl8sojK.js:8
Hd @ vendor-BEl8sojK.js:8
lT @ vendor-BEl8sojK.js:8
B @ vendor-BEl8sojK.js:1
N @ vendor-BEl8sojK.js:1
index-T5D-Tqux.js:2 API request failed, retrying in 4053ms (attempt 2/3): GET /api/bcdr/runbooks/stats
vendor-http-B9ygI19o.js:3  GET http://35.226.135.159:3000/api/bcdr/communication? 500 (Internal Server Error)
(anonymous) @ vendor-http-B9ygI19o.js:3
xhr @ vendor-http-B9ygI19o.js:3
Me @ vendor-http-B9ygI19o.js:5
Promise.then
_request @ vendor-http-B9ygI19o.js:6
request @ vendor-http-B9ygI19o.js:5
(anonymous) @ vendor-http-B9ygI19o.js:1
(anonymous) @ index-T5D-Tqux.js:2
Promise.then
_request @ vendor-http-B9ygI19o.js:6
request @ vendor-http-B9ygI19o.js:5
j.<computed> @ vendor-http-B9ygI19o.js:6
(anonymous) @ vendor-http-B9ygI19o.js:1
queryFn @ CommunicationPlans-CVWZBI_B.js:1
i @ vendor-BEl8sojK.js:8
v @ vendor-BEl8sojK.js:8
start @ vendor-BEl8sojK.js:8
fetch @ vendor-BEl8sojK.js:8
z0 @ vendor-BEl8sojK.js:8
onSubscribe @ vendor-BEl8sojK.js:8
subscribe @ vendor-BEl8sojK.js:8
(anonymous) @ vendor-BEl8sojK.js:8
Rm @ vendor-BEl8sojK.js:6
Qm @ vendor-BEl8sojK.js:8
mA @ vendor-BEl8sojK.js:8
cT @ vendor-BEl8sojK.js:8
me @ vendor-BEl8sojK.js:6
VJ @ vendor-BEl8sojK.js:8
Hd @ vendor-BEl8sojK.js:8
lT @ vendor-BEl8sojK.js:8
B @ vendor-BEl8sojK.js:1
N @ vendor-BEl8sojK.js:1
index-T5D-Tqux.js:2 API request failed, retrying in 4165ms (attempt 2/3): GET /api/bcdr/communication?
vendor-http-B9ygI19o.js:3  GET http://35.226.135.159:3000/api/bcdr/processes?page=1&limit=25 500 (Internal Server Error)
(anonymous) @ vendor-http-B9ygI19o.js:3
xhr @ vendor-http-B9ygI19o.js:3
Me @ vendor-http-B9ygI19o.js:5
Promise.then
_request @ vendor-http-B9ygI19o.js:6
request @ vendor-http-B9ygI19o.js:5
(anonymous) @ vendor-http-B9ygI19o.js:1
(anonymous) @ index-T5D-Tqux.js:2
Promise.then
_request @ vendor-http-B9ygI19o.js:6
request @ vendor-http-B9ygI19o.js:5
(anonymous) @ vendor-http-B9ygI19o.js:1
(anonymous) @ index-T5D-Tqux.js:2
Promise.then
_request @ vendor-http-B9ygI19o.js:6
request @ vendor-http-B9ygI19o.js:5
j.<computed> @ vendor-http-B9ygI19o.js:6
(anonymous) @ vendor-http-B9ygI19o.js:1
queryFn @ BusinessProcesses-CSeJTtLu.js:1
i @ vendor-BEl8sojK.js:8
v @ vendor-BEl8sojK.js:8
start @ vendor-BEl8sojK.js:8
fetch @ vendor-BEl8sojK.js:8
z0 @ vendor-BEl8sojK.js:8
onSubscribe @ vendor-BEl8sojK.js:8
subscribe @ vendor-BEl8sojK.js:8
(anonymous) @ vendor-BEl8sojK.js:8
Rm @ vendor-BEl8sojK.js:6
Qm @ vendor-BEl8sojK.js:8
mA @ vendor-BEl8sojK.js:8
cT @ vendor-BEl8sojK.js:8
me @ vendor-BEl8sojK.js:6
VJ @ vendor-BEl8sojK.js:8
Hd @ vendor-BEl8sojK.js:8
lT @ vendor-BEl8sojK.js:8
B @ vendor-BEl8sojK.js:1
N @ vendor-BEl8sojK.js:1
index-T5D-Tqux.js:2 API request failed, retrying in 8792ms (attempt 3/3): GET /api/bcdr/processes?page=1&limit=25
vendor-http-B9ygI19o.js:3  GET http://35.226.135.159:3000/api/bcdr/plans?page=1&limit=25 500 (Internal Server Error)
(anonymous) @ vendor-http-B9ygI19o.js:3
xhr @ vendor-http-B9ygI19o.js:3
Me @ vendor-http-B9ygI19o.js:5
Promise.then
_request @ vendor-http-B9ygI19o.js:6
request @ vendor-http-B9ygI19o.js:5
(anonymous) @ vendor-http-B9ygI19o.js:1
(anonymous) @ index-T5D-Tqux.js:2
Promise.then
_request @ vendor-http-B9ygI19o.js:6
request @ vendor-http-B9ygI19o.js:5
(anonymous) @ vendor-http-B9ygI19o.js:1
(anonymous) @ index-T5D-Tqux.js:2
Promise.then
_request @ vendor-http-B9ygI19o.js:6
request @ vendor-http-B9ygI19o.js:5
j.<computed> @ vendor-http-B9ygI19o.js:6
(anonymous) @ vendor-http-B9ygI19o.js:1
queryFn @ BCDRPlans-DMZhIysh.js:1
i @ vendor-BEl8sojK.js:8
v @ vendor-BEl8sojK.js:8
start @ vendor-BEl8sojK.js:8
fetch @ vendor-BEl8sojK.js:8
z0 @ vendor-BEl8sojK.js:8
onSubscribe @ vendor-BEl8sojK.js:8
subscribe @ vendor-BEl8sojK.js:8
(anonymous) @ vendor-BEl8sojK.js:8
Rm @ vendor-BEl8sojK.js:6
Qm @ vendor-BEl8sojK.js:8
mA @ vendor-BEl8sojK.js:8
cT @ vendor-BEl8sojK.js:8
me @ vendor-BEl8sojK.js:6
VJ @ vendor-BEl8sojK.js:8
Hd @ vendor-BEl8sojK.js:8
lT @ vendor-BEl8sojK.js:8
B @ vendor-BEl8sojK.js:1
N @ vendor-BEl8sojK.js:1
index-T5D-Tqux.js:2 API request failed, retrying in 8621ms (attempt 3/3): GET /api/bcdr/plans?page=1&limit=25
vendor-http-B9ygI19o.js:3  GET http://35.226.135.159:3000/api/bcdr/tests?page=1&limit=25 500 (Internal Server Error)
(anonymous) @ vendor-http-B9ygI19o.js:3
xhr @ vendor-http-B9ygI19o.js:3
Me @ vendor-http-B9ygI19o.js:5
Promise.then
_request @ vendor-http-B9ygI19o.js:6
request @ vendor-http-B9ygI19o.js:5
(anonymous) @ vendor-http-B9ygI19o.js:1
(anonymous) @ index-T5D-Tqux.js:2
Promise.then
_request @ vendor-http-B9ygI19o.js:6
request @ vendor-http-B9ygI19o.js:5
(anonymous) @ vendor-http-B9ygI19o.js:1
(anonymous) @ index-T5D-Tqux.js:2
Promise.then
_request @ vendor-http-B9ygI19o.js:6
request @ vendor-http-B9ygI19o.js:5
j.<computed> @ vendor-http-B9ygI19o.js:6
(anonymous) @ vendor-http-B9ygI19o.js:1
queryFn @ DRTests-BqJnOIUm.js:1
i @ vendor-BEl8sojK.js:8
v @ vendor-BEl8sojK.js:8
start @ vendor-BEl8sojK.js:8
fetch @ vendor-BEl8sojK.js:8
z0 @ vendor-BEl8sojK.js:8
onSubscribe @ vendor-BEl8sojK.js:8
subscribe @ vendor-BEl8sojK.js:8
(anonymous) @ vendor-BEl8sojK.js:8
Rm @ vendor-BEl8sojK.js:6
Qm @ vendor-BEl8sojK.js:8
mA @ vendor-BEl8sojK.js:8
cT @ vendor-BEl8sojK.js:8
me @ vendor-BEl8sojK.js:6
VJ @ vendor-BEl8sojK.js:8
Hd @ vendor-BEl8sojK.js:8
lT @ vendor-BEl8sojK.js:8
B @ vendor-BEl8sojK.js:1
N @ vendor-BEl8sojK.js:1
index-T5D-Tqux.js:2 API request failed, retrying in 8004ms (attempt 3/3): GET /api/bcdr/tests?page=1&limit=25
vendor-http-B9ygI19o.js:3  GET http://35.226.135.159:3000/api/bcdr/tests/stats 500 (Internal Server Error)
(anonymous) @ vendor-http-B9ygI19o.js:3
xhr @ vendor-http-B9ygI19o.js:3
Me @ vendor-http-B9ygI19o.js:5
Promise.then
_request @ vendor-http-B9ygI19o.js:6
request @ vendor-http-B9ygI19o.js:5
(anonymous) @ vendor-http-B9ygI19o.js:1
(anonymous) @ index-T5D-Tqux.js:2
Promise.then
_request @ vendor-http-B9ygI19o.js:6
request @ vendor-http-B9ygI19o.js:5
(anonymous) @ vendor-http-B9ygI19o.js:1
(anonymous) @ index-T5D-Tqux.js:2
Promise.then
_request @ vendor-http-B9ygI19o.js:6
request @ vendor-http-B9ygI19o.js:5
j.<computed> @ vendor-http-B9ygI19o.js:6
(anonymous) @ vendor-http-B9ygI19o.js:1
queryFn @ DRTests-BqJnOIUm.js:1
i @ vendor-BEl8sojK.js:8
v @ vendor-BEl8sojK.js:8
start @ vendor-BEl8sojK.js:8
fetch @ vendor-BEl8sojK.js:8
z0 @ vendor-BEl8sojK.js:8
onSubscribe @ vendor-BEl8sojK.js:8
subscribe @ vendor-BEl8sojK.js:8
(anonymous) @ vendor-BEl8sojK.js:8
Rm @ vendor-BEl8sojK.js:6
Qm @ vendor-BEl8sojK.js:8
mA @ vendor-BEl8sojK.js:8
cT @ vendor-BEl8sojK.js:8
me @ vendor-BEl8sojK.js:6
VJ @ vendor-BEl8sojK.js:8
Hd @ vendor-BEl8sojK.js:8
lT @ vendor-BEl8sojK.js:8
B @ vendor-BEl8sojK.js:1
N @ vendor-BEl8sojK.js:1
index-T5D-Tqux.js:2 API request failed, retrying in 8237ms (attempt 3/3): GET /api/bcdr/tests/stats
vendor-http-B9ygI19o.js:3  GET http://35.226.135.159:3000/api/bcdr/runbooks/stats 500 (Internal Server Error)
(anonymous) @ vendor-http-B9ygI19o.js:3
xhr @ vendor-http-B9ygI19o.js:3
Me @ vendor-http-B9ygI19o.js:5
Promise.then
_request @ vendor-http-B9ygI19o.js:6
request @ vendor-http-B9ygI19o.js:5
(anonymous) @ vendor-http-B9ygI19o.js:1
(anonymous) @ index-T5D-Tqux.js:2
Promise.then
_request @ vendor-http-B9ygI19o.js:6
request @ vendor-http-B9ygI19o.js:5
(anonymous) @ vendor-http-B9ygI19o.js:1
(anonymous) @ index-T5D-Tqux.js:2
Promise.then
_request @ vendor-http-B9ygI19o.js:6
request @ vendor-http-B9ygI19o.js:5
j.<computed> @ vendor-http-B9ygI19o.js:6
(anonymous) @ vendor-http-B9ygI19o.js:1
queryFn @ Runbooks-D8BMugG3.js:1
i @ vendor-BEl8sojK.js:8
v @ vendor-BEl8sojK.js:8
start @ vendor-BEl8sojK.js:8
fetch @ vendor-BEl8sojK.js:8
z0 @ vendor-BEl8sojK.js:8
onSubscribe @ vendor-BEl8sojK.js:8
subscribe @ vendor-BEl8sojK.js:8
(anonymous) @ vendor-BEl8sojK.js:8
Rm @ vendor-BEl8sojK.js:6
Qm @ vendor-BEl8sojK.js:8
mA @ vendor-BEl8sojK.js:8
cT @ vendor-BEl8sojK.js:8
me @ vendor-BEl8sojK.js:6
VJ @ vendor-BEl8sojK.js:8
Hd @ vendor-BEl8sojK.js:8
lT @ vendor-BEl8sojK.js:8
B @ vendor-BEl8sojK.js:1
N @ vendor-BEl8sojK.js:1
index-T5D-Tqux.js:2 API request failed, retrying in 8534ms (attempt 3/3): GET /api/bcdr/runbooks/stats
vendor-http-B9ygI19o.js:3  GET http://35.226.135.159:3000/api/bcdr/runbooks?page=1&limit=24 500 (Internal Server Error)
(anonymous) @ vendor-http-B9ygI19o.js:3
xhr @ vendor-http-B9ygI19o.js:3
Me @ vendor-http-B9ygI19o.js:5
Promise.then
_request @ vendor-http-B9ygI19o.js:6
request @ vendor-http-B9ygI19o.js:5
(anonymous) @ vendor-http-B9ygI19o.js:1
(anonymous) @ index-T5D-Tqux.js:2
Promise.then
_request @ vendor-http-B9ygI19o.js:6
request @ vendor-http-B9ygI19o.js:5
(anonymous) @ vendor-http-B9ygI19o.js:1
(anonymous) @ index-T5D-Tqux.js:2
Promise.then
_request @ vendor-http-B9ygI19o.js:6
request @ vendor-http-B9ygI19o.js:5
j.<computed> @ vendor-http-B9ygI19o.js:6
(anonymous) @ vendor-http-B9ygI19o.js:1
queryFn @ Runbooks-D8BMugG3.js:1
i @ vendor-BEl8sojK.js:8
v @ vendor-BEl8sojK.js:8
start @ vendor-BEl8sojK.js:8
fetch @ vendor-BEl8sojK.js:8
z0 @ vendor-BEl8sojK.js:8
onSubscribe @ vendor-BEl8sojK.js:8
subscribe @ vendor-BEl8sojK.js:8
(anonymous) @ vendor-BEl8sojK.js:8
Rm @ vendor-BEl8sojK.js:6
Qm @ vendor-BEl8sojK.js:8
mA @ vendor-BEl8sojK.js:8
cT @ vendor-BEl8sojK.js:8
me @ vendor-BEl8sojK.js:6
VJ @ vendor-BEl8sojK.js:8
Hd @ vendor-BEl8sojK.js:8
lT @ vendor-BEl8sojK.js:8
B @ vendor-BEl8sojK.js:1
N @ vendor-BEl8sojK.js:1
index-T5D-Tqux.js:2 API request failed, retrying in 8589ms (attempt 3/3): GET /api/bcdr/runbooks?page=1&limit=24
vendor-http-B9ygI19o.js:3  GET http://35.226.135.159:3000/api/employee-compliance/config 500 (Internal Server Error)
(anonymous) @ vendor-http-B9ygI19o.js:3
xhr @ vendor-http-B9ygI19o.js:3
Me @ vendor-http-B9ygI19o.js:5
Promise.then
_request @ vendor-http-B9ygI19o.js:6
request @ vendor-http-B9ygI19o.js:5
j.<computed> @ vendor-http-B9ygI19o.js:6
(anonymous) @ vendor-http-B9ygI19o.js:1
getConfig @ index-T5D-Tqux.js:2
(anonymous) @ Settings-Ca6FBBWM.js:1
Qm @ vendor-BEl8sojK.js:8
mA @ vendor-BEl8sojK.js:8
cT @ vendor-BEl8sojK.js:8
me @ vendor-BEl8sojK.js:6
VJ @ vendor-BEl8sojK.js:8
Hd @ vendor-BEl8sojK.js:8
lT @ vendor-BEl8sojK.js:8
B @ vendor-BEl8sojK.js:1
N @ vendor-BEl8sojK.js:1
index-T5D-Tqux.js:2 API request failed, retrying in 2044ms (attempt 1/3): GET /api/employee-compliance/config
vendor-http-B9ygI19o.js:3  GET http://35.226.135.159:3000/api/bcdr/communication? 500 (Internal Server Error)
(anonymous) @ vendor-http-B9ygI19o.js:3
xhr @ vendor-http-B9ygI19o.js:3
Me @ vendor-http-B9ygI19o.js:5
Promise.then
_request @ vendor-http-B9ygI19o.js:6
request @ vendor-http-B9ygI19o.js:5
(anonymous) @ vendor-http-B9ygI19o.js:1
(anonymous) @ index-T5D-Tqux.js:2
Promise.then
_request @ vendor-http-B9ygI19o.js:6
request @ vendor-http-B9ygI19o.js:5
(anonymous) @ vendor-http-B9ygI19o.js:1
(anonymous) @ index-T5D-Tqux.js:2
Promise.then
_request @ vendor-http-B9ygI19o.js:6
request @ vendor-http-B9ygI19o.js:5
j.<computed> @ vendor-http-B9ygI19o.js:6
(anonymous) @ vendor-http-B9ygI19o.js:1
queryFn @ CommunicationPlans-CVWZBI_B.js:1
i @ vendor-BEl8sojK.js:8
v @ vendor-BEl8sojK.js:8
start @ vendor-BEl8sojK.js:8
fetch @ vendor-BEl8sojK.js:8
z0 @ vendor-BEl8sojK.js:8
onSubscribe @ vendor-BEl8sojK.js:8
subscribe @ vendor-BEl8sojK.js:8
(anonymous) @ vendor-BEl8sojK.js:8
Rm @ vendor-BEl8sojK.js:6
Qm @ vendor-BEl8sojK.js:8
mA @ vendor-BEl8sojK.js:8
cT @ vendor-BEl8sojK.js:8
me @ vendor-BEl8sojK.js:6
VJ @ vendor-BEl8sojK.js:8
Hd @ vendor-BEl8sojK.js:8
lT @ vendor-BEl8sojK.js:8
B @ vendor-BEl8sojK.js:1
N @ vendor-BEl8sojK.js:1
index-T5D-Tqux.js:2 API request failed, retrying in 8613ms (attempt 3/3): GET /api/bcdr/communication?
index-T5D-Tqux.js:2 API request failed, retrying in 2132ms (attempt 1/3): GET http://localhost:3001/api/modules
vendor-http-B9ygI19o.js:3  GET http://localhost:3001/api/modules net::ERR_BLOCKED_BY_CLIENT
(anonymous) @ vendor-http-B9ygI19o.js:3
xhr @ vendor-http-B9ygI19o.js:3
Me @ vendor-http-B9ygI19o.js:5
Promise.then
_request @ vendor-http-B9ygI19o.js:6
request @ vendor-http-B9ygI19o.js:5
j.<computed> @ vendor-http-B9ygI19o.js:6
(anonymous) @ vendor-http-B9ygI19o.js:1
getModules @ index-T5D-Tqux.js:2
queryFn @ Settings-Ca6FBBWM.js:1
i @ vendor-BEl8sojK.js:8
v @ vendor-BEl8sojK.js:8
start @ vendor-BEl8sojK.js:8
fetch @ vendor-BEl8sojK.js:8
z0 @ vendor-BEl8sojK.js:8
onSubscribe @ vendor-BEl8sojK.js:8
subscribe @ vendor-BEl8sojK.js:8
(anonymous) @ vendor-BEl8sojK.js:8
Rm @ vendor-BEl8sojK.js:6
Qm @ vendor-BEl8sojK.js:8
mA @ vendor-BEl8sojK.js:8
cT @ vendor-BEl8sojK.js:8
me @ vendor-BEl8sojK.js:6
VJ @ vendor-BEl8sojK.js:8
Hd @ vendor-BEl8sojK.js:8
lT @ vendor-BEl8sojK.js:8
B @ vendor-BEl8sojK.js:1
N @ vendor-BEl8sojK.js:1
vendor-http-B9ygI19o.js:3  GET http://35.226.135.159:3000/api/bcdr/dashboard 500 (Internal Server Error)
(anonymous) @ vendor-http-B9ygI19o.js:3
xhr @ vendor-http-B9ygI19o.js:3
Me @ vendor-http-B9ygI19o.js:5
Promise.then
_request @ vendor-http-B9ygI19o.js:6
request @ vendor-http-B9ygI19o.js:5
(anonymous) @ vendor-http-B9ygI19o.js:1
(anonymous) @ index-T5D-Tqux.js:2
Promise.then
_request @ vendor-http-B9ygI19o.js:6
request @ vendor-http-B9ygI19o.js:5
(anonymous) @ vendor-http-B9ygI19o.js:1
(anonymous) @ index-T5D-Tqux.js:2
Promise.then
_request @ vendor-http-B9ygI19o.js:6
request @ vendor-http-B9ygI19o.js:5
(anonymous) @ vendor-http-B9ygI19o.js:1
(anonymous) @ index-T5D-Tqux.js:2
Promise.then
_request @ vendor-http-B9ygI19o.js:6
request @ vendor-http-B9ygI19o.js:5
j.<computed> @ vendor-http-B9ygI19o.js:6
(anonymous) @ vendor-http-B9ygI19o.js:1
queryFn @ BCDRDashboard-4joQF9vG.js:1
i @ vendor-BEl8sojK.js:8
v @ vendor-BEl8sojK.js:8
start @ vendor-BEl8sojK.js:8
fetch @ vendor-BEl8sojK.js:8
z0 @ vendor-BEl8sojK.js:8
onSubscribe @ vendor-BEl8sojK.js:8
subscribe @ vendor-BEl8sojK.js:8
(anonymous) @ vendor-BEl8sojK.js:8
Rm @ vendor-BEl8sojK.js:6
Qm @ vendor-BEl8sojK.js:8
mA @ vendor-BEl8sojK.js:8
cT @ vendor-BEl8sojK.js:8
me @ vendor-BEl8sojK.js:6
VJ @ vendor-BEl8sojK.js:8
Hd @ vendor-BEl8sojK.js:8
lT @ vendor-BEl8sojK.js:8
B @ vendor-BEl8sojK.js:1
N @ vendor-BEl8sojK.js:1
vendor-http-B9ygI19o.js:3  GET http://35.226.135.159:3000/api/employee-compliance/config 500 (Internal Server Error)
(anonymous) @ vendor-http-B9ygI19o.js:3
xhr @ vendor-http-B9ygI19o.js:3
Me @ vendor-http-B9ygI19o.js:5
Promise.then
_request @ vendor-http-B9ygI19o.js:6
request @ vendor-http-B9ygI19o.js:5
(anonymous) @ vendor-http-B9ygI19o.js:1
(anonymous) @ index-T5D-Tqux.js:2
Promise.then
_request @ vendor-http-B9ygI19o.js:6
request @ vendor-http-B9ygI19o.js:5
j.<computed> @ vendor-http-B9ygI19o.js:6
(anonymous) @ vendor-http-B9ygI19o.js:1
getConfig @ index-T5D-Tqux.js:2
(anonymous) @ Settings-Ca6FBBWM.js:1
Qm @ vendor-BEl8sojK.js:8
mA @ vendor-BEl8sojK.js:8
cT @ vendor-BEl8sojK.js:8
me @ vendor-BEl8sojK.js:6
VJ @ vendor-BEl8sojK.js:8
Hd @ vendor-BEl8sojK.js:8
lT @ vendor-BEl8sojK.js:8
B @ vendor-BEl8sojK.js:1
N @ vendor-BEl8sojK.js:1
index-T5D-Tqux.js:2 API request failed, retrying in 4259ms (attempt 2/3): GET /api/employee-compliance/config
vendor-http-B9ygI19o.js:3  GET http://35.226.135.159:3000/api/bcdr/dashboard/metrics 500 (Internal Server Error)
(anonymous) @ vendor-http-B9ygI19o.js:3
xhr @ vendor-http-B9ygI19o.js:3
Me @ vendor-http-B9ygI19o.js:5
Promise.then
_request @ vendor-http-B9ygI19o.js:6
request @ vendor-http-B9ygI19o.js:5
(anonymous) @ vendor-http-B9ygI19o.js:1
(anonymous) @ index-T5D-Tqux.js:2
Promise.then
_request @ vendor-http-B9ygI19o.js:6
request @ vendor-http-B9ygI19o.js:5
(anonymous) @ vendor-http-B9ygI19o.js:1
(anonymous) @ index-T5D-Tqux.js:2
Promise.then
_request @ vendor-http-B9ygI19o.js:6
request @ vendor-http-B9ygI19o.js:5
(anonymous) @ vendor-http-B9ygI19o.js:1
(anonymous) @ index-T5D-Tqux.js:2
Promise.then
_request @ vendor-http-B9ygI19o.js:6
request @ vendor-http-B9ygI19o.js:5
j.<computed> @ vendor-http-B9ygI19o.js:6
(anonymous) @ vendor-http-B9ygI19o.js:1
queryFn @ BCDRDashboard-4joQF9vG.js:1
i @ vendor-BEl8sojK.js:8
v @ vendor-BEl8sojK.js:8
start @ vendor-BEl8sojK.js:8
fetch @ vendor-BEl8sojK.js:8
z0 @ vendor-BEl8sojK.js:8
onSubscribe @ vendor-BEl8sojK.js:8
subscribe @ vendor-BEl8sojK.js:8
(anonymous) @ vendor-BEl8sojK.js:8
Rm @ vendor-BEl8sojK.js:6
Qm @ vendor-BEl8sojK.js:8
mA @ vendor-BEl8sojK.js:8
cT @ vendor-BEl8sojK.js:8
me @ vendor-BEl8sojK.js:6
VJ @ vendor-BEl8sojK.js:8
Hd @ vendor-BEl8sojK.js:8
lT @ vendor-BEl8sojK.js:8
B @ vendor-BEl8sojK.js:1
N @ vendor-BEl8sojK.js:1
index-T5D-Tqux.js:2 API request failed, retrying in 4373ms (attempt 2/3): GET http://localhost:3001/api/modules
vendor-http-B9ygI19o.js:3  GET http://localhost:3001/api/modules net::ERR_BLOCKED_BY_CLIENT
(anonymous) @ vendor-http-B9ygI19o.js:3
xhr @ vendor-http-B9ygI19o.js:3
Me @ vendor-http-B9ygI19o.js:5
Promise.then
_request @ vendor-http-B9ygI19o.js:6
request @ vendor-http-B9ygI19o.js:5
(anonymous) @ vendor-http-B9ygI19o.js:1
(anonymous) @ index-T5D-Tqux.js:2
Promise.then
_request @ vendor-http-B9ygI19o.js:6
request @ vendor-http-B9ygI19o.js:5
j.<computed> @ vendor-http-B9ygI19o.js:6
(anonymous) @ vendor-http-B9ygI19o.js:1
getModules @ index-T5D-Tqux.js:2
queryFn @ Settings-Ca6FBBWM.js:1
i @ vendor-BEl8sojK.js:8
v @ vendor-BEl8sojK.js:8
start @ vendor-BEl8sojK.js:8
fetch @ vendor-BEl8sojK.js:8
z0 @ vendor-BEl8sojK.js:8
onSubscribe @ vendor-BEl8sojK.js:8
subscribe @ vendor-BEl8sojK.js:8
(anonymous) @ vendor-BEl8sojK.js:8
Rm @ vendor-BEl8sojK.js:6
Qm @ vendor-BEl8sojK.js:8
mA @ vendor-BEl8sojK.js:8
cT @ vendor-BEl8sojK.js:8
me @ vendor-BEl8sojK.js:6
VJ @ vendor-BEl8sojK.js:8
Hd @ vendor-BEl8sojK.js:8
lT @ vendor-BEl8sojK.js:8
B @ vendor-BEl8sojK.js:1
N @ vendor-BEl8sojK.js:1
vendor-http-B9ygI19o.js:3  GET http://35.226.135.159:3000/api/permissions/groups 500 (Internal Server Error)
(anonymous) @ vendor-http-B9ygI19o.js:3
xhr @ vendor-http-B9ygI19o.js:3
Me @ vendor-http-B9ygI19o.js:5
Promise.then
_request @ vendor-http-B9ygI19o.js:6
request @ vendor-http-B9ygI19o.js:5
j.<computed> @ vendor-http-B9ygI19o.js:6
(anonymous) @ vendor-http-B9ygI19o.js:1
listGroups @ index-T5D-Tqux.js:2
queryFn @ UserManagement-CoJmGe_5.js:1
i @ vendor-BEl8sojK.js:8
v @ vendor-BEl8sojK.js:8
start @ vendor-BEl8sojK.js:8
fetch @ vendor-BEl8sojK.js:8
z0 @ vendor-BEl8sojK.js:8
onSubscribe @ vendor-BEl8sojK.js:8
subscribe @ vendor-BEl8sojK.js:8
(anonymous) @ vendor-BEl8sojK.js:8
Rm @ vendor-BEl8sojK.js:6
Qm @ vendor-BEl8sojK.js:8
mA @ vendor-BEl8sojK.js:8
cT @ vendor-BEl8sojK.js:8
me @ vendor-BEl8sojK.js:6
VJ @ vendor-BEl8sojK.js:8
Hd @ vendor-BEl8sojK.js:8
lT @ vendor-BEl8sojK.js:8
B @ vendor-BEl8sojK.js:1
N @ vendor-BEl8sojK.js:1
index-T5D-Tqux.js:2 API request failed, retrying in 2033ms (attempt 1/3): GET /api/permissions/groups
vendor-http-B9ygI19o.js:3  GET http://35.226.135.159:3000/api/permissions/groups 500 (Internal Server Error)
(anonymous) @ vendor-http-B9ygI19o.js:3
xhr @ vendor-http-B9ygI19o.js:3
Me @ vendor-http-B9ygI19o.js:5
Promise.then
_request @ vendor-http-B9ygI19o.js:6
request @ vendor-http-B9ygI19o.js:5
(anonymous) @ vendor-http-B9ygI19o.js:1
(anonymous) @ index-T5D-Tqux.js:2
Promise.then
_request @ vendor-http-B9ygI19o.js:6
request @ vendor-http-B9ygI19o.js:5
j.<computed> @ vendor-http-B9ygI19o.js:6
(anonymous) @ vendor-http-B9ygI19o.js:1
listGroups @ index-T5D-Tqux.js:2
queryFn @ UserManagement-CoJmGe_5.js:1
i @ vendor-BEl8sojK.js:8
v @ vendor-BEl8sojK.js:8
start @ vendor-BEl8sojK.js:8
fetch @ vendor-BEl8sojK.js:8
z0 @ vendor-BEl8sojK.js:8
onSubscribe @ vendor-BEl8sojK.js:8
subscribe @ vendor-BEl8sojK.js:8
(anonymous) @ vendor-BEl8sojK.js:8
Rm @ vendor-BEl8sojK.js:6
Qm @ vendor-BEl8sojK.js:8
mA @ vendor-BEl8sojK.js:8
cT @ vendor-BEl8sojK.js:8
me @ vendor-BEl8sojK.js:6
VJ @ vendor-BEl8sojK.js:8
Hd @ vendor-BEl8sojK.js:8
lT @ vendor-BEl8sojK.js:8
B @ vendor-BEl8sojK.js:1
N @ vendor-BEl8sojK.js:1
index-T5D-Tqux.js:2 API request failed, retrying in 4009ms (attempt 2/3): GET /api/permissions/groups
vendor-http-B9ygI19o.js:3  GET http://35.226.135.159:3000/api/employee-compliance/config 500 (Internal Server Error)
(anonymous) @ vendor-http-B9ygI19o.js:3
xhr @ vendor-http-B9ygI19o.js:3
Me @ vendor-http-B9ygI19o.js:5
Promise.then
_request @ vendor-http-B9ygI19o.js:6
request @ vendor-http-B9ygI19o.js:5
(anonymous) @ vendor-http-B9ygI19o.js:1
(anonymous) @ index-T5D-Tqux.js:2
Promise.then
_request @ vendor-http-B9ygI19o.js:6
request @ vendor-http-B9ygI19o.js:5
(anonymous) @ vendor-http-B9ygI19o.js:1
(anonymous) @ index-T5D-Tqux.js:2
Promise.then
_request @ vendor-http-B9ygI19o.js:6
request @ vendor-http-B9ygI19o.js:5
j.<computed> @ vendor-http-B9ygI19o.js:6
(anonymous) @ vendor-http-B9ygI19o.js:1
getConfig @ index-T5D-Tqux.js:2
(anonymous) @ Settings-Ca6FBBWM.js:1
Qm @ vendor-BEl8sojK.js:8
mA @ vendor-BEl8sojK.js:8
cT @ vendor-BEl8sojK.js:8
me @ vendor-BEl8sojK.js:6
VJ @ vendor-BEl8sojK.js:8
Hd @ vendor-BEl8sojK.js:8
lT @ vendor-BEl8sojK.js:8
B @ vendor-BEl8sojK.js:1
N @ vendor-BEl8sojK.js:1
index-T5D-Tqux.js:2 API request failed, retrying in 8467ms (attempt 3/3): GET /api/employee-compliance/config
vendor-http-B9ygI19o.js:3  GET http://35.226.135.159:3000/api/bcdr/processes?page=1&limit=25 500 (Internal Server Error)
(anonymous) @ vendor-http-B9ygI19o.js:3
xhr @ vendor-http-B9ygI19o.js:3
Me @ vendor-http-B9ygI19o.js:5
Promise.then
_request @ vendor-http-B9ygI19o.js:6
request @ vendor-http-B9ygI19o.js:5
(anonymous) @ vendor-http-B9ygI19o.js:1
(anonymous) @ index-T5D-Tqux.js:2
Promise.then
_request @ vendor-http-B9ygI19o.js:6
request @ vendor-http-B9ygI19o.js:5
(anonymous) @ vendor-http-B9ygI19o.js:1
(anonymous) @ index-T5D-Tqux.js:2
vendor-http-B9ygI19o.js:3  GET http://35.226.135.159:3000/api/bcdr/tests?page=1&limit=25 500 (Internal Server Error)
(anonymous) @ vendor-http-B9ygI19o.js:3
xhr @ vendor-http-B9ygI19o.js:3
Me @ vendor-http-B9ygI19o.js:5
Promise.then
_request @ vendor-http-B9ygI19o.js:6
request @ vendor-http-B9ygI19o.js:5
(anonymous) @ vendor-http-B9ygI19o.js:1
(anonymous) @ index-T5D-Tqux.js:2
Promise.then
_request @ vendor-http-B9ygI19o.js:6
request @ vendor-http-B9ygI19o.js:5
(anonymous) @ vendor-http-B9ygI19o.js:1
(anonymous) @ index-T5D-Tqux.js:2
vendor-http-B9ygI19o.js:3  GET http://35.226.135.159:3000/api/bcdr/plans?page=1&limit=25 500 (Internal Server Error)
(anonymous) @ vendor-http-B9ygI19o.js:3
xhr @ vendor-http-B9ygI19o.js:3
Me @ vendor-http-B9ygI19o.js:5
Promise.then
_request @ vendor-http-B9ygI19o.js:6
request @ vendor-http-B9ygI19o.js:5
(anonymous) @ vendor-http-B9ygI19o.js:1
(anonymous) @ index-T5D-Tqux.js:2
Promise.then
_request @ vendor-http-B9ygI19o.js:6
request @ vendor-http-B9ygI19o.js:5
(anonymous) @ vendor-http-B9ygI19o.js:1
(anonymous) @ index-T5D-Tqux.js:2
index-T5D-Tqux.js:2 API request failed, retrying in 8448ms (attempt 3/3): GET http://localhost:3001/api/modules
vendor-http-B9ygI19o.js:3  GET http://localhost:3001/api/modules net::ERR_BLOCKED_BY_CLIENT
(anonymous) @ vendor-http-B9ygI19o.js:3
xhr @ vendor-http-B9ygI19o.js:3
Me @ vendor-http-B9ygI19o.js:5
Promise.then
_request @ vendor-http-B9ygI19o.js:6
request @ vendor-http-B9ygI19o.js:5
(anonymous) @ vendor-http-B9ygI19o.js:1
(anonymous) @ index-T5D-Tqux.js:2
Promise.then
_request @ vendor-http-B9ygI19o.js:6
request @ vendor-http-B9ygI19o.js:5
(anonymous) @ vendor-http-B9ygI19o.js:1
(anonymous) @ index-T5D-Tqux.js:2
Promise.then
_request @ vendor-http-B9ygI19o.js:6
request @ vendor-http-B9ygI19o.js:5
j.<computed> @ vendor-http-B9ygI19o.js:6
(anonymous) @ vendor-http-B9ygI19o.js:1
getModules @ index-T5D-Tqux.js:2
queryFn @ Settings-Ca6FBBWM.js:1
i @ vendor-BEl8sojK.js:8
v @ vendor-BEl8sojK.js:8
start @ vendor-BEl8sojK.js:8
fetch @ vendor-BEl8sojK.js:8
z0 @ vendor-BEl8sojK.js:8
onSubscribe @ vendor-BEl8sojK.js:8
subscribe @ vendor-BEl8sojK.js:8
(anonymous) @ vendor-BEl8sojK.js:8
Rm @ vendor-BEl8sojK.js:6
Qm @ vendor-BEl8sojK.js:8
mA @ vendor-BEl8sojK.js:8
cT @ vendor-BEl8sojK.js:8
me @ vendor-BEl8sojK.js:6
VJ @ vendor-BEl8sojK.js:8
Hd @ vendor-BEl8sojK.js:8
lT @ vendor-BEl8sojK.js:8
B @ vendor-BEl8sojK.js:1
N @ vendor-BEl8sojK.js:1
vendor-http-B9ygI19o.js:3  GET http://35.226.135.159:3000/api/bcdr/tests/stats 500 (Internal Server Error)
(anonymous) @ vendor-http-B9ygI19o.js:3
xhr @ vendor-http-B9ygI19o.js:3
Me @ vendor-http-B9ygI19o.js:5
Promise.then
_request @ vendor-http-B9ygI19o.js:6
request @ vendor-http-B9ygI19o.js:5
(anonymous) @ vendor-http-B9ygI19o.js:1
(anonymous) @ index-T5D-Tqux.js:2
Promise.then
_request @ vendor-http-B9ygI19o.js:6
request @ vendor-http-B9ygI19o.js:5
(anonymous) @ vendor-http-B9ygI19o.js:1
(anonymous) @ index-T5D-Tqux.js:2
vendor-http-B9ygI19o.js:3  GET http://35.226.135.159:3000/api/bcdr/runbooks/stats 500 (Internal Server Error)
(anonymous) @ vendor-http-B9ygI19o.js:3
xhr @ vendor-http-B9ygI19o.js:3
Me @ vendor-http-B9ygI19o.js:5
Promise.then
_request @ vendor-http-B9ygI19o.js:6
request @ vendor-http-B9ygI19o.js:5
(anonymous) @ vendor-http-B9ygI19o.js:1
(anonymous) @ index-T5D-Tqux.js:2
Promise.then
_request @ vendor-http-B9ygI19o.js:6
request @ vendor-http-B9ygI19o.js:5
(anonymous) @ vendor-http-B9ygI19o.js:1
(anonymous) @ index-T5D-Tqux.js:2
Promise.then
_request @ vendor-http-B9ygI19o.js:6
request @ vendor-http-B9ygI19o.js:5
(anonymous) @ vendor-http-B9ygI19o.js:1
(anonymous) @ index-T5D-Tqux.js:2
vendor-http-B9ygI19o.js:3  GET http://35.226.135.159:3000/api/bcdr/runbooks?page=1&limit=24 500 (Internal Server Error)
(anonymous) @ vendor-http-B9ygI19o.js:3
xhr @ vendor-http-B9ygI19o.js:3
Me @ vendor-http-B9ygI19o.js:5
Promise.then
_request @ vendor-http-B9ygI19o.js:6
request @ vendor-http-B9ygI19o.js:5
(anonymous) @ vendor-http-B9ygI19o.js:1
(anonymous) @ index-T5D-Tqux.js:2
Promise.then
_request @ vendor-http-B9ygI19o.js:6
request @ vendor-http-B9ygI19o.js:5
(anonymous) @ vendor-http-B9ygI19o.js:1
(anonymous) @ index-T5D-Tqux.js:2
vendor-http-B9ygI19o.js:3  GET http://35.226.135.159:3000/api/bcdr/communication? 500 (Internal Server Error)
(anonymous) @ vendor-http-B9ygI19o.js:3
xhr @ vendor-http-B9ygI19o.js:3
Me @ vendor-http-B9ygI19o.js:5
Promise.then
_request @ vendor-http-B9ygI19o.js:6
request @ vendor-http-B9ygI19o.js:5
(anonymous) @ vendor-http-B9ygI19o.js:1
(anonymous) @ index-T5D-Tqux.js:2
Promise.then
_request @ vendor-http-B9ygI19o.js:6
request @ vendor-http-B9ygI19o.js:5
(anonymous) @ vendor-http-B9ygI19o.js:1
(anonymous) @ index-T5D-Tqux.js:2
Promise.then
_request @ vendor-http-B9ygI19o.js:6
request @ vendor-http-B9ygI19o.js:5
(anonymous) @ vendor-http-B9ygI19o.js:1
(anonymous) @ index-T5D-Tqux.js:2
vendor-http-B9ygI19o.js:3  GET http://35.226.135.159:3000/api/permissions/groups 500 (Internal Server Error)
(anonymous) @ vendor-http-B9ygI19o.js:3
xhr @ vendor-http-B9ygI19o.js:3
Me @ vendor-http-B9ygI19o.js:5
Promise.then
_request @ vendor-http-B9ygI19o.js:6
request @ vendor-http-B9ygI19o.js:5
(anonymous) @ vendor-http-B9ygI19o.js:1
(anonymous) @ index-T5D-Tqux.js:2
Promise.then
_request @ vendor-http-B9ygI19o.js:6
request @ vendor-http-B9ygI19o.js:5
(anonymous) @ vendor-http-B9ygI19o.js:1
(anonymous) @ index-T5D-Tqux.js:2
Promise.then
_request @ vendor-http-B9ygI19o.js:6
request @ vendor-http-B9ygI19o.js:5
j.<computed> @ vendor-http-B9ygI19o.js:6
(anonymous) @ vendor-http-B9ygI19o.js:1
listGroups @ index-T5D-Tqux.js:2
queryFn @ UserManagement-CoJmGe_5.js:1
i @ vendor-BEl8sojK.js:8
v @ vendor-BEl8sojK.js:8
start @ vendor-BEl8sojK.js:8
fetch @ vendor-BEl8sojK.js:8
z0 @ vendor-BEl8sojK.js:8
onSubscribe @ vendor-BEl8sojK.js:8
subscribe @ vendor-BEl8sojK.js:8
(anonymous) @ vendor-BEl8sojK.js:8
Rm @ vendor-BEl8sojK.js:6
Qm @ vendor-BEl8sojK.js:8
mA @ vendor-BEl8sojK.js:8
cT @ vendor-BEl8sojK.js:8
me @ vendor-BEl8sojK.js:6
VJ @ vendor-BEl8sojK.js:8
Hd @ vendor-BEl8sojK.js:8
lT @ vendor-BEl8sojK.js:8
B @ vendor-BEl8sojK.js:1
N @ vendor-BEl8sojK.js:1
index-T5D-Tqux.js:2 API request failed, retrying in 8320ms (attempt 3/3): GET /api/permissions/groups

Initializing Keycloak...
index-T5D-Tqux.js:2 Keycloak initialized, authenticated: false
index-T5D-Tqux.js:2 Dev login activated
AuditRequests-7bL6esCA.js:1  GET http://35.226.135.159:3000/api/audit-requests? 500 (Internal Server Error)
g @ AuditRequests-7bL6esCA.js:1
(anonymous) @ AuditRequests-7bL6esCA.js:1
Qm @ vendor-BEl8sojK.js:8
mA @ vendor-BEl8sojK.js:8
cT @ vendor-BEl8sojK.js:8
me @ vendor-BEl8sojK.js:6
VJ @ vendor-BEl8sojK.js:8
Hd @ vendor-BEl8sojK.js:8
lT @ vendor-BEl8sojK.js:8
B @ vendor-BEl8sojK.js:1
N @ vendor-BEl8sojK.js:1
vendor-BEl8sojK.js:8 TypeError: c.filter is not a function
    at z (AuditRequests-7bL6esCA.js:1:1401)
    at Ld (vendor-BEl8sojK.js:6:18004)
    at wb (vendor-BEl8sojK.js:8:3223)
    at mT (vendor-BEl8sojK.js:8:46543)
    at hT (vendor-BEl8sojK.js:8:41259)
    at zJ (vendor-BEl8sojK.js:8:41187)
    at Gm (vendor-BEl8sojK.js:8:41038)
    at Mb (vendor-BEl8sojK.js:8:37249)
    at lT (vendor-BEl8sojK.js:8:36174)
    at B (vendor-BEl8sojK.js:1:10731)
    at MessagePort.N (vendor-BEl8sojK.js:1:11090)
bb @ vendor-BEl8sojK.js:8
RD.Ae.componentDidCatch.z.callback @ vendor-BEl8sojK.js:8
Hs @ vendor-BEl8sojK.js:6
sT @ vendor-BEl8sojK.js:8
aT @ vendor-BEl8sojK.js:8
QJ @ vendor-BEl8sojK.js:8
VJ @ vendor-BEl8sojK.js:8
Hd @ vendor-BEl8sojK.js:8
lT @ vendor-BEl8sojK.js:8
B @ vendor-BEl8sojK.js:1
N @ vendor-BEl8sojK.js:1
index-T5D-Tqux.js:2 ErrorBoundary caught an error: TypeError: c.filter is not a function
    at z (AuditRequests-7bL6esCA.js:1:1401)
    at Ld (vendor-BEl8sojK.js:6:18004)
    at wb (vendor-BEl8sojK.js:8:3223)
    at mT (vendor-BEl8sojK.js:8:46543)
    at hT (vendor-BEl8sojK.js:8:41259)
    at zJ (vendor-BEl8sojK.js:8:41187)
    at Gm (vendor-BEl8sojK.js:8:41038)
    at Mb (vendor-BEl8sojK.js:8:37249)
    at lT (vendor-BEl8sojK.js:8:36174)
    at B (vendor-BEl8sojK.js:1:10731)
    at MessagePort.N (vendor-BEl8sojK.js:1:11090) {componentStack: '\n    at z (http://35.226.135.159:3000/assets/Audit…6.135.159:3000/assets/index-T5D-Tqux.js:2:109588)'}

    Initializing Keycloak...
index-T5D-Tqux.js:2 Keycloak initialized, authenticated: false
index-T5D-Tqux.js:2 Dev login activated
vendor-http-B9ygI19o.js:3  GET http://35.226.135.159:3000/api/findings 500 (Internal Server Error)
(anonymous) @ vendor-http-B9ygI19o.js:3
xhr @ vendor-http-B9ygI19o.js:3
Me @ vendor-http-B9ygI19o.js:5
Promise.then
_request @ vendor-http-B9ygI19o.js:6
request @ vendor-http-B9ygI19o.js:5
j.<computed> @ vendor-http-B9ygI19o.js:6
(anonymous) @ vendor-http-B9ygI19o.js:1
list @ index-T5D-Tqux.js:2
queryFn @ AuditFindings-B4Hare9Z.js:1
i @ vendor-BEl8sojK.js:8
v @ vendor-BEl8sojK.js:8
start @ vendor-BEl8sojK.js:8
fetch @ vendor-BEl8sojK.js:8
z0 @ vendor-BEl8sojK.js:8
onSubscribe @ vendor-BEl8sojK.js:8
subscribe @ vendor-BEl8sojK.js:8
(anonymous) @ vendor-BEl8sojK.js:8
Rm @ vendor-BEl8sojK.js:6
Qm @ vendor-BEl8sojK.js:8
mA @ vendor-BEl8sojK.js:8
(anonymous) @ vendor-BEl8sojK.js:8
B @ vendor-BEl8sojK.js:1
N @ vendor-BEl8sojK.js:1
index-T5D-Tqux.js:2 API request failed, retrying in 2020ms (attempt 1/3): GET /api/findings
vendor-http-B9ygI19o.js:3  GET http://35.226.135.159:3000/api/findings/stats 500 (Internal Server Error)
(anonymous) @ vendor-http-B9ygI19o.js:3
xhr @ vendor-http-B9ygI19o.js:3
Me @ vendor-http-B9ygI19o.js:5
Promise.then
_request @ vendor-http-B9ygI19o.js:6
request @ vendor-http-B9ygI19o.js:5
j.<computed> @ vendor-http-B9ygI19o.js:6
(anonymous) @ vendor-http-B9ygI19o.js:1
getStats @ index-T5D-Tqux.js:2
queryFn @ AuditFindings-B4Hare9Z.js:1
i @ vendor-BEl8sojK.js:8
v @ vendor-BEl8sojK.js:8
start @ vendor-BEl8sojK.js:8
fetch @ vendor-BEl8sojK.js:8
z0 @ vendor-BEl8sojK.js:8
onSubscribe @ vendor-BEl8sojK.js:8
subscribe @ vendor-BEl8sojK.js:8
(anonymous) @ vendor-BEl8sojK.js:8
Rm @ vendor-BEl8sojK.js:6
Qm @ vendor-BEl8sojK.js:8
mA @ vendor-BEl8sojK.js:8
(anonymous) @ vendor-BEl8sojK.js:8
B @ vendor-BEl8sojK.js:1
N @ vendor-BEl8sojK.js:1
index-T5D-Tqux.js:2 API request failed, retrying in 2046ms (attempt 1/3): GET /api/findings/stats
vendor-http-B9ygI19o.js:3  GET http://35.226.135.159:3000/api/findings 500 (Internal Server Error)
(anonymous) @ vendor-http-B9ygI19o.js:3
xhr @ vendor-http-B9ygI19o.js:3
Me @ vendor-http-B9ygI19o.js:5
Promise.then
_request @ vendor-http-B9ygI19o.js:6
request @ vendor-http-B9ygI19o.js:5
(anonymous) @ vendor-http-B9ygI19o.js:1
(anonymous) @ index-T5D-Tqux.js:2
Promise.then
_request @ vendor-http-B9ygI19o.js:6
request @ vendor-http-B9ygI19o.js:5
j.<computed> @ vendor-http-B9ygI19o.js:6
(anonymous) @ vendor-http-B9ygI19o.js:1
list @ index-T5D-Tqux.js:2
queryFn @ AuditFindings-B4Hare9Z.js:1
i @ vendor-BEl8sojK.js:8
v @ vendor-BEl8sojK.js:8
start @ vendor-BEl8sojK.js:8
fetch @ vendor-BEl8sojK.js:8
z0 @ vendor-BEl8sojK.js:8
onSubscribe @ vendor-BEl8sojK.js:8
subscribe @ vendor-BEl8sojK.js:8
(anonymous) @ vendor-BEl8sojK.js:8
Rm @ vendor-BEl8sojK.js:6
Qm @ vendor-BEl8sojK.js:8
mA @ vendor-BEl8sojK.js:8
(anonymous) @ vendor-BEl8sojK.js:8
B @ vendor-BEl8sojK.js:1
N @ vendor-BEl8sojK.js:1
index-T5D-Tqux.js:2 API request failed, retrying in 4007ms (attempt 2/3): GET /api/findings
vendor-http-B9ygI19o.js:3  GET http://35.226.135.159:3000/api/findings/stats 500 (Internal Server Error)
(anonymous) @ vendor-http-B9ygI19o.js:3
xhr @ vendor-http-B9ygI19o.js:3
Me @ vendor-http-B9ygI19o.js:5
Promise.then
_request @ vendor-http-B9ygI19o.js:6
request @ vendor-http-B9ygI19o.js:5
(anonymous) @ vendor-http-B9ygI19o.js:1
(anonymous) @ index-T5D-Tqux.js:2
Promise.then
_request @ vendor-http-B9ygI19o.js:6
request @ vendor-http-B9ygI19o.js:5
j.<computed> @ vendor-http-B9ygI19o.js:6
(anonymous) @ vendor-http-B9ygI19o.js:1
getStats @ index-T5D-Tqux.js:2
queryFn @ AuditFindings-B4Hare9Z.js:1
i @ vendor-BEl8sojK.js:8
v @ vendor-BEl8sojK.js:8
start @ vendor-BEl8sojK.js:8
fetch @ vendor-BEl8sojK.js:8
z0 @ vendor-BEl8sojK.js:8
onSubscribe @ vendor-BEl8sojK.js:8
subscribe @ vendor-BEl8sojK.js:8
(anonymous) @ vendor-BEl8sojK.js:8
Rm @ vendor-BEl8sojK.js:6
Qm @ vendor-BEl8sojK.js:8
mA @ vendor-BEl8sojK.js:8
(anonymous) @ vendor-BEl8sojK.js:8
B @ vendor-BEl8sojK.js:1
N @ vendor-BEl8sojK.js:1
index-T5D-Tqux.js:2 API request failed, retrying in 4066ms (attempt 2/3): GET /api/findings/stats